
> client_ts@0.0.0 test
> jest

FAIL src/__tests__/RoleBasedRoute.test.tsx
  RoleBasedRoute
    × should redirect to /login if not authenticated (23 ms)
    √ should render children if user has the correct role (17 ms)
    × should redirect to appropriate dashboard if user does not have the correct role (5 ms)

  ● RoleBasedRoute › should redirect to /login if not authenticated

    expect(jest.fn()).toHaveBeenCalledWith(...expected)

    Expected: ObjectContaining {"replace": true, "to": "/login"}, Anything
    Received: {"replace": true, "to": "/login"}, undefined

    Number of calls: 1

    [0m [90m 29 |[39m     )[33m;[39m
     [90m 30 |[39m
    [31m[1m>[22m[39m[90m 31 |[39m     expect([33mNavigate[39m)[33m.[39mtoHaveBeenCalledWith(
     [90m    |[39m                      [31m[1m^[22m[39m
     [90m 32 |[39m       expect[33m.[39mobjectContaining({ to[33m:[39m [32m'/login'[39m[33m,[39m replace[33m:[39m [36mtrue[39m })[33m,[39m
     [90m 33 |[39m       expect[33m.[39manything()
     [90m 34 |[39m     )[33m;[39m[0m

      at Object.<anonymous> (src/__tests__/RoleBasedRoute.test.tsx:31:22)

  ● RoleBasedRoute › should redirect to appropriate dashboard if user does not have the correct role

    expect(jest.fn()).toHaveBeenCalledWith(...expected)

    Expected: ObjectContaining {"replace": true, "to": "/housekeeping-dashboard"}, Anything
    Received: {"replace": true, "to": "/housekeeping-dashboard"}, undefined

    Number of calls: 1

    [0m [90m 59 |[39m     )[33m;[39m
     [90m 60 |[39m
    [31m[1m>[22m[39m[90m 61 |[39m     expect([33mNavigate[39m)[33m.[39mtoHaveBeenCalledWith(
     [90m    |[39m                      [31m[1m^[22m[39m
     [90m 62 |[39m       expect[33m.[39mobjectContaining({ to[33m:[39m [32m'/housekeeping-dashboard'[39m[33m,[39m replace[33m:[39m [36mtrue[39m })[33m,[39m
     [90m 63 |[39m       expect[33m.[39manything()
     [90m 64 |[39m     )[33m;[39m[0m

      at Object.<anonymous> (src/__tests__/RoleBasedRoute.test.tsx:61:22)

Test Suites: 1 failed, 1 total
Tests:       2 failed, 1 passed, 3 total
Snapshots:   0 total
Time:        2.698 s, estimated 3 s
Ran all test suites.
